PARAGRAPH: 'Foo bar'
ATX_HEADER_1: 'baz'
PARAGRAPH: 'Bar foo'