HORIZONTAL_RULE: '(null)'
ATX_HEADER_2: 'foo'
HORIZONTAL_RULE: '(null)'