PARAGRAPH: '#5 bolt'
BLANK_LINE: '(null)'
PARAGRAPH: '#hashtag'