ATX_HEADER_3: 'foo'
ATX_HEADER_2: 'foo'
ATX_HEADER_1: 'foo'