PARAGRAPH: 'foo'
BLOCKQUOTE_START: '(null)'
PARAGRAPH: 'bar'
BLOCKQUOTE_END: '(null)'