BLOCKQUOTE_START: '(null)'
BLANK_LINE: '(null)'
PARAGRAPH: 'foo
'
BLOCKQUOTE_END: '(null)'