BLOCKQUOTE_START: '(null)'
SETEXT_HEADER_2: 'foo'
BLOCKQUOTE_END: '(null)'