BLOCKQUOTE_START: '(null)'
PARAGRAPH: 'foo'
BLOCKQUOTE_END: '(null)'
HORIZONTAL_RULE: '(null)'