BLOCKQUOTE_START: '(null)'
PARAGRAPH: 'bar'
BLANK_LINE: '(null)'
BLOCKQUOTE_END: '(null)'
PARAGRAPH: 'baz'