BLOCKQUOTE_START: '(null)'
PARAGRAPH: 'bar
baz'
BLOCKQUOTE_END: '(null)'