BLOCKQUOTE_START: '(null)'
PARAGRAPH: 'foo'
BLANK_LINE: '(null)'
PARAGRAPH: 'bar'
BLOCKQUOTE_END: '(null)'