BLOCKQUOTE_START: '(null)'
BLOCKQUOTE_START: '(null)'
BLOCKQUOTE_START: '(null)'
PARAGRAPH: 'foo
bar'
BLOCKQUOTE_END: '(null)'
BLOCKQUOTE_END: '(null)'
BLOCKQUOTE_END: '(null)'