BLOCKQUOTE_START: '(null)'
FENCED_CODE_BLOCK: '
'
BLOCKQUOTE_END: '(null)'
PARAGRAPH: 'foo'
FENCED_CODE_BLOCK: '
'