BLOCKQUOTE_START: '(null)'
PARAGRAPH: 'aaa'
BLOCKQUOTE_END: '(null)'
HORIZONTAL_RULE: '(null)'
BLOCKQUOTE_START: '(null)'
PARAGRAPH: 'bbb'
BLOCKQUOTE_END: '(null)'