BLOCKQUOTE_START: '(null)'
BLOCKQUOTE_END: '(null)'