BLOCKQUOTE_START: '(null)'
BLANK_LINE: '(null)'
BLANK_LINE: '(null)'
BLOCKQUOTE_END: '(null)'