BLOCKQUOTE_START: '(null)'
INDENTED_CODE_BLOCK: 'code'
BLOCKQUOTE_END: '(null)'
BLANK_LINE: '(null)'
BLOCKQUOTE_START: '(null)'
PARAGRAPH: 'not code'
BLOCKQUOTE_END: '(null)'