PARAGRAPH: 'foo'
FENCED_CODE_BLOCK: 'bar
'
PARAGRAPH: 'baz'