PARAGRAPH: '+++'
BLANK_LINE: '(null)'
PARAGRAPH: '==='