PARAGRAPH: '_ _ _ _ a'
BLANK_LINE: '(null)'
PARAGRAPH: 'a------'
BLANK_LINE: '(null)'
PARAGRAPH: '---a---'