HORIZONTAL_RULE: '(null)'
BLANK_LINE: '(null)'
HORIZONTAL_RULE: '(null)'
BLANK_LINE: '(null)'
HORIZONTAL_RULE: '(null)'