PARAGRAPH: 'Foo'
HORIZONTAL_RULE: '(null)'
PARAGRAPH: 'bar'