HORIZONTAL_RULE: '(null)'
HORIZONTAL_RULE: '(null)'
HORIZONTAL_RULE: '(null)'