HTML_BLOCK: '<div id="foo" class="bar
  baz">
</div>'