HTML_BLOCK: '<DIV CLASS="foo">'
BLANK_LINE: '(null)'
PARAGRAPH: 'Markdown'
BLANK_LINE: '(null)'
HTML_BLOCK: '</DIV>'