HTML_BLOCK: '<style>p{color:red;}</style>'
PARAGRAPH: 'foo'