HTML_BLOCK: '<!-- Foo

bar
   baz -->'
PARAGRAPH: 'okay'