HTML_BLOCK: '<div>
*foo*'
BLANK_LINE: '(null)'
PARAGRAPH: 'bar'