HTML_BLOCK: '  <!-- foo -->'
BLANK_LINE: '(null)'
INDENTED_CODE_BLOCK: '<!-- foo -->'