HTML_BLOCK: '<del>'
BLANK_LINE: '(null)'
PARAGRAPH: 'foo'
BLANK_LINE: '(null)'
HTML_BLOCK: '</del>'