HTML_BLOCK: '<script type="text/javascript">
// JavaScript example

document.getElementById("demo").innerHTML = "Hello JavaScript!";
</script>'
PARAGRAPH: 'okay'