HTML_BLOCK: '<?php

  echo '>';

?>'
PARAGRAPH: 'okay'