HTML_BLOCK: '<table>
  <tr>
    <td>
           hi
    </td>
  </tr>
</table>'
BLANK_LINE: '(null)'
PARAGRAPH: 'okay.'