HTML_BLOCK: '  <div>'
BLANK_LINE: '(null)'
INDENTED_CODE_BLOCK: '<div>'