HTML_BLOCK: '<pre language="haskell"><code>
import Text.HTML.TagSoup

main :: IO ()
main = print $ parseTags tags
</code></pre>'
PARAGRAPH: 'okay'