HTML_BLOCK: '<style
  type="text/css">
h1 {color:red;}

p {color:blue;}
</style>'
PARAGRAPH: 'okay'