ATX_HEADER_1: 'Heading'
INDENTED_CODE_BLOCK: 'foo'
SETEXT_HEADER_2: 'Heading'
INDENTED_CODE_BLOCK: 'foo'
HORIZONTAL_RULE: '(null)'