INDENTED_CODE_BLOCK: 'a simple
  indented code block'