LINK_REFERENCE_DEF: [foo]: /url '
title
line1
line2
'