PARAGRAPH: 'aaa
bbb'
BLANK_LINE: '(null)'
PARAGRAPH: 'ccc
ddd'