PARAGRAPH: 'aaa'
BLANK_LINE: '(null)'
BLANK_LINE: '(null)'
PARAGRAPH: 'bbb'