INDENTED_CODE_BLOCK: 'Foo
---

Foo'
HORIZONTAL_RULE: '(null)'