PARAGRAPH: 'Foo
bar'
HORIZONTAL_RULE: '(null)'
PARAGRAPH: 'baz'