PARAGRAPH: 'Foo
= ='
BLANK_LINE: '(null)'
PARAGRAPH: 'Foo
--- -'