INDENTED_CODE_BLOCK: 'foo'
HORIZONTAL_RULE: '(null)'