HORIZONTAL_RULE: '(null)'
SETEXT_HEADER_2: 'Foo'
SETEXT_HEADER_2: 'Bar'
PARAGRAPH: 'Baz'